// Jest Snapshot v1, https://goo.gl/fbAQLP

exports[`useMarkdownFile Given I have a markdown file with a dynamic anchor tag should add an anchor at the tag matching the id 1`] = `
"<h1 id=\\"header1\\">Header 1<a class=\\"anchor\\" href=\\"#header1\\"></a></h1>
<p class=\\"with-anchor\\" id=\\"something-important\\">something important<a class=\\"anchor\\" href=\\"#something-important\\"></a></p>"
`;

exports[`useMarkdownFile Given I have a markdown file with a dynamic table of content element should add a table of content 1`] = `
<ul
  class="toc"
>
  <li>
    <a
      href="2"
    >
      2
    </a>
  </li>
  <li>
    <a
      href="3"
    >
      3
    </a>
  </li>
  <li>
    <a
      href="4"
    >
      4
    </a>
  </li>
</ul>
`;

exports[`useMarkdownFile Given I properly formatted markdown file should return an good state 1`] = `
"<h1 id=\\"page1\\">Page 1<a class=\\"anchor\\" href=\\"#page1\\"></a></h1>
<p>Page 1 introduction</p>
<h2 id=\\"header2\\">Header 2<a class=\\"anchor\\" href=\\"#header2\\"></a></h2>
<p>Header 2 details</p>
<h1 id=\\"page2\\">Page 2<a class=\\"anchor\\" href=\\"#page2\\"></a></h1>
<p>Page 2 introduction</p>
<h1 id=\\"page3\\">Page 3<a class=\\"anchor\\" href=\\"#page3\\"></a></h1>
<p>Page 3 introduction</p>
<ul>
<li>bullet 1</li>
<li>bullet 2</li>
</ul>
<h2 id=\\"rage\\">Rage<a class=\\"anchor\\" href=\\"#rage\\"></a></h2>
<ul>
<li><strong>Berserk Rage</strong>. When you suffer a physical consequence, you can invoke that consequence for free on your next attack. If you suffer multiple physical consequences, you get a free invocation for each. (Fate System Toolkit, p.34)</li>
</ul>"
`;

exports[`useMarkdownFile Given I properly formatted markdown file should return an good state 2`] = `
<div>
  <h1
    id="page1"
  >
    Page 1
    <a
      class="anchor"
      href="#page1"
    />
  </h1>
  

  <p>
    Page 1 introduction
  </p>
  

  <h2
    id="header2"
  >
    Header 2
    <a
      class="anchor"
      href="#header2"
    />
  </h2>
  

  <p>
    Header 2 details
  </p>
  

  <h1
    id="page2"
  >
    Page 2
    <a
      class="anchor"
      href="#page2"
    />
  </h1>
  

  <p>
    Page 2 introduction
  </p>
  

  <h1
    id="page3"
  >
    Page 3
    <a
      class="anchor"
      href="#page3"
    />
  </h1>
  

  <p>
    Page 3 introduction
  </p>
  

  <ul>
    

    <li>
      bullet 1
    </li>
    

    <li>
      bullet 2
    </li>
    

  </ul>
  

  <h2
    id="rage"
  >
    Rage
    <a
      class="anchor"
      href="#rage"
    />
  </h2>
  

  <ul>
    

    <li>
      <strong>
        Berserk Rage
      </strong>
      . When you suffer a physical consequence, you can invoke that consequence for free on your next attack. If you suffer multiple physical consequences, you get a free invocation for each. (Fate System Toolkit, p.34)
    </li>
    

  </ul>
</div>
`;
